// Vitest Snapshot v1, https://vitest.dev/guide/snapshot.html

exports[`can break words (2) 1`] = `
[
  {
    "attributes": {
      "id": "section-boilerplate.1-3",
    },
    "children": [
      {
        "textContent": "Information about the current status of this document, any errata, and how to provide feedback on it may be obtained at ",
        "type": "Text",
      },
      {
        "attributes": {},
        "children": [
          {
            "attributes": {
              "aria-current": "page",
              "class": "router-link-active router-link-exact-active",
              "data-grace-area-trigger": "",
              "data-state": "closed",
              "href": "/info/rfc9618",
            },
            "children": [
              {
                "textContent": "https://",
                "type": "Text",
              },
              {
                "attributes": {},
                "children": [],
                "nodeName": "wbr",
                "type": "Element",
              },
              {
                "textContent": "www",
                "type": "Text",
              },
              {
                "attributes": {},
                "children": [],
                "nodeName": "wbr",
                "type": "Element",
              },
              {
                "textContent": ".rfc",
                "type": "Text",
              },
              {
                "attributes": {},
                "children": [],
                "nodeName": "wbr",
                "type": "Element",
              },
              {
                "textContent": "-editor",
                "type": "Text",
              },
              {
                "attributes": {},
                "children": [],
                "nodeName": "wbr",
                "type": "Element",
              },
              {
                "textContent": ".org",
                "type": "Text",
              },
              {
                "attributes": {},
                "children": [],
                "nodeName": "wbr",
                "type": "Element",
              },
              {
                "textContent": "/info",
                "type": "Text",
              },
              {
                "attributes": {},
                "children": [],
                "nodeName": "wbr",
                "type": "Element",
              },
              {
                "textContent": "/rfc9618",
                "type": "Text",
              },
              {
                "attributes": {},
                "children": [],
                "nodeName": "wbr",
                "type": "Element",
              },
            ],
            "nodeName": "a",
            "type": "Element",
          },
        ],
        "nodeName": "span",
        "type": "Element",
      },
      {
        "textContent": ".",
        "type": "Text",
      },
      {
        "attributes": {
          "class": "pilcrow",
          "href": "#section-boilerplate.1-3",
        },
        "children": [
          {
            "textContent": "Â¶",
            "type": "Text",
          },
        ],
        "nodeName": "a",
        "type": "Element",
      },
    ],
    "nodeName": "p",
    "type": "Element",
  },
]
`;
